 Running job !
We are running on soctf-pdc-040.comp.nus.edu.sg
Job started at Thu Feb 19 03:01:43 +08 2026
==================================================
USER EXECUTABLE PERFORMANCE STATISTICS
input file: performanceReport/pDecpStart/s0_d
partition: i7-13700
==================================================

 Performance counter stats for 'bash -c ./sim.perf < performanceReport/pDecpStart/s0_d > /dev/null' (10 runs):

       14649407283 ns   user_time                                                               ( +-  0.04% )
     <not counted>      cpu_atom/cycles/                                                        (0.00%)
       54079931875      cpu_core/cycles/                                                        ( +-  0.07% )
     <not counted>      cpu_atom/instructions/                                                  (0.00%)
       80230151701      cpu_core/instructions/           #    1.48  insn per cycle              ( +-  0.00% )
     <not counted>      cpu_atom/LLC-loads/                                                     (0.00%)
          50526291      cpu_core/LLC-loads/                                                     ( +-  0.20% )
     <not counted>      cpu_atom/LLC-load-misses/                                               (0.00%)
          21966310      cpu_core/LLC-load-misses/        #   43.48% of all LL-cache accesses    ( +-  0.86% )

             3.676 +- 0.308 seconds time elapsed  ( +-  8.39% )

[ perf record: Woken up 10 times to write data ]
[ perf record: Captured and wrote 5.977 MB perf_report/53548_report.data (130070 samples) ]
Job ended at Thu Feb 19 03:02:24 +08 2026
