 Running job !
We are running on soctf-pdc-040.comp.nus.edu.sg
Job started at Thu Feb 19 03:08:28 +08 2026
==================================================
USER EXECUTABLE PERFORMANCE STATISTICS
input file: performanceReport/pDecpStart/s_d10
partition: i7-13700
==================================================

 Performance counter stats for 'bash -c ./sim.perf < performanceReport/pDecpStart/s_d10 > /dev/null' (10 runs):

        9708453074 ns   user_time                                                               ( +-  0.06% )
     <not counted>      cpu_atom/cycles/                                                        (0.00%)
       36920629742      cpu_core/cycles/                                                        ( +-  0.15% )
     <not counted>      cpu_atom/instructions/                                                  (0.00%)
       47454648471      cpu_core/instructions/           #    1.29  insn per cycle              ( +-  0.00% )
     <not counted>      cpu_atom/LLC-loads/                                                     (0.00%)
          16438619      cpu_core/LLC-loads/                                                     ( +-  1.54% )
     <not counted>      cpu_atom/LLC-load-misses/                                               (0.00%)
           2386559      cpu_core/LLC-load-misses/        #   14.52% of all LL-cache accesses    ( +-  2.54% )

             2.414 +- 0.116 seconds time elapsed  ( +-  4.80% )

[ perf record: Woken up 1 times to write data ]
[ perf record: Captured and wrote 4.013 MB perf_report/53563_report.data (87183 samples) ]
Job ended at Thu Feb 19 03:08:55 +08 2026
