 Running job !
We are running on soctf-pdc-008.comp.nus.edu.sg
Job started at Thu Feb 19 03:40:20 +08 2026
==================================================
USER EXECUTABLE PERFORMANCE STATISTICS
input file: performanceReport/cpuModel/1e5
partition: xs-4114
==================================================

 Performance counter stats for 'bash -c ./sim.perf < performanceReport/cpuModel/1e5 > /dev/null' (10 runs):

        5397747583 ns   user_time                                                               ( +-  0.44% )
       12948428380      cycles                                                                  ( +-  3.16% )
        6940872928      instructions                     #    0.54  insn per cycle              ( +-  0.31% )
           3905896      LLC-loads                                                               ( +-  2.73% )
             22949      LLC-load-misses                  #    0.59% of all LL-cache accesses    ( +-  4.67% )

            0.4522 +- 0.0166 seconds time elapsed  ( +-  3.68% )

Lowering default frequency rate from 4000 to 3000.
Please consider tweaking /proc/sys/kernel/perf_event_max_sample_rate.
[ perf record: Woken up 1 times to write data ]
[ perf record: Captured and wrote 1.447 MB perf_report/53588_report.data (28753 samples) ]
Job ended at Thu Feb 19 03:40:27 +08 2026
