 Running job !
We are running on soctf-pdc-008.comp.nus.edu.sg
Job started at Thu Feb 19 03:40:13 +08 2026
==================================================
USER EXECUTABLE PERFORMANCE STATISTICS
input file: performanceReport/cpuModel/1e4
partition: xs-4114
==================================================

 Performance counter stats for 'bash -c ./sim.perf < performanceReport/cpuModel/1e4 > /dev/null' (10 runs):

        1311970906 ns   user_time                                                               ( +-  2.62% )
        2664885662      cycles                                                                  ( +- 16.63% )
         647102643      instructions                     #    0.24  insn per cycle              ( +-  3.59% )
            675180      LLC-loads                                                               ( +-  3.71% )
              7300      LLC-load-misses                  #    1.08% of all LL-cache accesses    ( +- 12.93% )

            0.1754 +- 0.0173 seconds time elapsed  ( +-  9.87% )

Lowering default frequency rate from 4000 to 3000.
Please consider tweaking /proc/sys/kernel/perf_event_max_sample_rate.
[ perf record: Woken up 1 times to write data ]
[ perf record: Captured and wrote 0.351 MB perf_report/53587_report.data (6604 samples) ]
Job ended at Thu Feb 19 03:40:19 +08 2026
