 Running job !
We are running on soctf-pdc-008.comp.nus.edu.sg
Job started at Thu Feb 19 03:40:28 +08 2026
==================================================
USER EXECUTABLE PERFORMANCE STATISTICS
input file: performanceReport/cpuModel/1e6
partition: xs-4114
==================================================

 Performance counter stats for 'bash -c ./sim.perf < performanceReport/cpuModel/1e6 > /dev/null' (10 runs):

       53998577419 ns   user_time                                                               ( +-  0.29% )
      134683699652      cycles                                                                  ( +-  0.66% )
       81883939634      instructions                     #    0.61  insn per cycle              ( +-  0.05% )
          47087338      LLC-loads                                                               ( +-  0.96% )
          31832867      LLC-load-misses                  #   67.60% of all LL-cache accesses    ( +-  0.30% )

            4.1399 +- 0.0526 seconds time elapsed  ( +-  1.27% )

Lowering default frequency rate from 4000 to 3000.
Please consider tweaking /proc/sys/kernel/perf_event_max_sample_rate.
[ perf record: Woken up 12 times to write data ]
[ perf record: Captured and wrote 15.021 MB perf_report/53589_report.data (294357 samples) ]
Job ended at Thu Feb 19 03:41:16 +08 2026
