 Running job !
We are running on soctf-pdc-008.comp.nus.edu.sg
Job started at Thu Feb 19 03:41:17 +08 2026
==================================================
USER EXECUTABLE PERFORMANCE STATISTICS
input file: performanceReport/cpuModel/1e7
partition: xs-4114
==================================================

 Performance counter stats for 'bash -c ./sim.perf < performanceReport/cpuModel/1e7 > /dev/null' (10 runs):

      490075996785 ns   user_time                                                               ( +-  0.01% )
     1164783580251      cycles                                                                  ( +-  0.06% )
      949459844077      instructions                     #    0.82  insn per cycle              ( +-  0.01% )
         624696649      LLC-loads                                                               ( +-  0.11% )
         515675629      LLC-load-misses                  #   82.55% of all LL-cache accesses    ( +-  0.15% )

             54.21 +- 1.29 seconds time elapsed  ( +-  2.38% )

Lowering default frequency rate from 4000 to 3000.
Please consider tweaking /proc/sys/kernel/perf_event_max_sample_rate.
[ perf record: Woken up 554 times to write data ]
[ perf record: Captured and wrote 171.774 MB perf_report/53590_report.data (3460607 samples) ]
Job ended at Thu Feb 19 03:51:25 +08 2026
