 Running job !
We are running on soctf-pdc-038.comp.nus.edu.sg
Job started at Thu Feb 19 13:11:12 +08 2026
==================================================
USER EXECUTABLE PERFORMANCE STATISTICS
input file: performanceReport/carAndDensity/L50n_n5e4
partition: i7-13700
==================================================

 Performance counter stats for 'bash -c ./sim.perf < performanceReport/carAndDensity/L50n_n5e4 > /dev/null' (10 runs):

         531102242 ns   user_time                                                               ( +-  0.47% )
     <not counted>      cpu_atom/cycles/                                                        (0.00%)
        1861247075      cpu_core/cycles/                                                        ( +-  0.16% )
     <not counted>      cpu_atom/instructions/                                                  (0.00%)
        2341321881      cpu_core/instructions/           #    1.26  insn per cycle              ( +-  0.01% )
     <not counted>      cpu_atom/LLC-loads/                                                     (0.00%)
           1448735      cpu_core/LLC-loads/                                                     ( +-  0.59% )
     <not counted>      cpu_atom/LLC-load-misses/                                               (0.00%)
              3913      cpu_core/LLC-load-misses/        #    0.27% of all LL-cache accesses    ( +- 12.58% )

           0.09299 +- 0.00175 seconds time elapsed  ( +-  1.88% )

[ perf record: Woken up 1 times to write data ]
[ perf record: Captured and wrote 0.287 MB perf_report/58603_report.data (5789 samples) ]
Job ended at Thu Feb 19 13:11:14 +08 2026
