 Running job !
We are running on soctf-pdc-038.comp.nus.edu.sg
Job started at Thu Feb 19 01:23:54 PM +08 2026
==================================================
USER EXECUTABLE PERFORMANCE STATISTICS
input file: performanceReport/carAndDensity/L20n_n1e7
partition: i7-13700
==================================================

 Performance counter stats for 'bash -c ./sim.perf < performanceReport/carAndDensity/L20n_n1e7 > /dev/null' (10 runs):

   240,881,514,897 ns   user_time                                                               ( +-  0.01% )
     <not counted>      cpu_atom/cycles/                                                        (0.00%)
   768,502,904,364      cpu_core/cycles/                                                        ( +-  0.04% )
     <not counted>      cpu_atom/instructions/                                                  (0.00%)
   813,690,598,905      cpu_core/instructions/           #    1.06  insn per cycle              ( +-  0.00% )
     <not counted>      cpu_atom/LLC-loads/                                                     (0.00%)
       907,957,664      cpu_core/LLC-loads/                                                     ( +-  0.06% )
     <not counted>      cpu_atom/LLC-load-misses/                                               (0.00%)
       814,280,684      cpu_core/LLC-load-misses/        #   89.68% of all LL-cache accesses    ( +-  0.12% )

            40.244 +- 0.579 seconds time elapsed  ( +-  1.44% )

[ perf record: Woken up 365 times to write data ]
[ perf record: Captured and wrote 110.377 MB perf_report/58619_report.data (2410597 samples) ]
Job ended at Thu Feb 19 01:31:27 PM +08 2026
