 Running job !
We are running on soctf-pdc-039.comp.nus.edu.sg
Job started at Thu Feb 19 08:37:05 PM +08 2026
==================================================
USER EXECUTABLE PERFORMANCE STATISTICS
input file: performanceReport/cpuModel/5e5
partition: i7-13700
==================================================

 Performance counter stats for 'bash -c ./sim.perf < performanceReport/cpuModel/5e5 > /dev/null' (10 runs):

     6,315,392,554 ns   user_time                                                               ( +-  0.07% )
     <not counted>      cpu_atom/cycles/                                                        (0.00%)
    23,328,832,105      cpu_core/cycles/                                                        ( +-  0.16% )
     <not counted>      cpu_atom/instructions/                                                  (0.00%)
    37,546,777,115      cpu_core/instructions/           #    1.61  insn per cycle              ( +-  0.00% )
     <not counted>      cpu_atom/LLC-loads/                                                     (0.00%)
        21,579,789      cpu_core/LLC-loads/                                                     ( +-  0.54% )
     <not counted>      cpu_atom/LLC-load-misses/                                               (0.00%)
           594,110      cpu_core/LLC-load-misses/        #    2.75% of all LL-cache accesses    ( +-  2.56% )

             3.467 +- 0.102 seconds time elapsed  ( +-  2.93% )

[ perf record: Woken up 1 times to write data ]
[ perf record: Captured and wrote 2.543 MB perf_report/67748_report.data ]
Job ended at Thu Feb 19 08:37:43 PM +08 2026
