 Running job !
We are running on soctf-pdc-039.comp.nus.edu.sg
Job started at Thu Feb 19 08:36:59 PM +08 2026
==================================================
USER EXECUTABLE PERFORMANCE STATISTICS
input file: performanceReport/cpuModel/5e4
partition: i7-13700
==================================================

 Performance counter stats for 'bash -c ./sim.perf < performanceReport/cpuModel/5e4 > /dev/null' (10 runs):

       706,621,978 ns   user_time                                                               ( +-  0.30% )
     <not counted>      cpu_atom/cycles/                                                        (0.00%)
     2,274,017,753      cpu_core/cycles/                                                        ( +-  0.28% )
     <not counted>      cpu_atom/instructions/                                                  (0.00%)
     3,263,251,053      cpu_core/instructions/           #    1.44  insn per cycle              ( +-  0.01% )
     <not counted>      cpu_atom/LLC-loads/                                                     (0.00%)
         3,010,659      cpu_core/LLC-loads/                                                     ( +-  0.49% )
     <not counted>      cpu_atom/LLC-load-misses/                                               (0.00%)
             3,334      cpu_core/LLC-load-misses/        #    0.11% of all LL-cache accesses    ( +- 10.64% )

           0.17127 +- 0.00533 seconds time elapsed  ( +-  3.11% )

[ perf record: Woken up 1 times to write data ]
[ perf record: Captured and wrote 0.363 MB perf_report/67746_report.data ]
Job ended at Thu Feb 19 08:37:02 PM +08 2026
