 Running job !
We are running on soctf-pdc-039.comp.nus.edu.sg
Job started at Thu Feb 19 11:33:57 PM +08 2026
==================================================
USER EXECUTABLE PERFORMANCE STATISTICS
input file: performance-report/cpuModel/1e6
partition: i7-13700
number of threads:1
==================================================

 Performance counter stats for 'bash -c ./sim.perf < performance-report/cpuModel/1e6 > /dev/null' (5 runs):

    15,065,370,356 ns   user_time                                                               ( +-  0.07% )
     <not counted>      cpu_atom/cycles/                                                        (0.00%)
    53,783,163,218      cpu_core/cycles/                                                        ( +-  0.14% )
     <not counted>      cpu_atom/instructions/                                                  (0.00%)
    78,476,545,823      cpu_core/instructions/           #    1.46  insn per cycle              ( +-  0.00% )
     <not counted>      cpu_atom/LLC-loads/                                                     (0.00%)
        50,389,659      cpu_core/LLC-loads/                                                     ( +-  0.22% )
     <not counted>      cpu_atom/LLC-load-misses/                                               (0.00%)
        20,947,405      cpu_core/LLC-load-misses/        #   41.57% of all LL-cache accesses    ( +-  0.55% )

             3.719 +- 0.511 seconds time elapsed  ( +- 13.75% )

Job ended at Thu Feb 19 11:34:16 PM +08 2026
